src/core/repositories.ts(80,21): error TS2345: Argument of type '(row: LeadListRow) => LeadListCampaignConfig' is not assignable to parameter of type '(value: LeadListRow[], index: number, array: LeadListRow[][]) => LeadListCampaignConfig'.
  Types of parameters 'row' and 'value' are incompatible.
    Type 'LeadListRow[]' is missing the following properties from type 'LeadListRow': name, source, is_active, priority, and 3 more.
src/core/repositories.ts(143,27): error TS2345: Argument of type 'DatabaseManager' is not assignable to parameter of type 'Database<Database, Statement>'.
  Type 'DatabaseManager' is missing the following properties from type 'Database<Database, Statement>': config, db, on, getDatabaseInstance, and 9 more.
src/core/repositories.ts(266,5): error TS2322: Type 'SalesNavListSummary[][]' is not assignable to type 'SalesNavListSummary[]'.
  Type 'SalesNavListSummary[]' is missing the following properties from type 'SalesNavListSummary': leads_count, id, name, url, and 3 more.
src/core/repositories.ts(544,28): error TS2345: Argument of type 'DatabaseManager' is not assignable to parameter of type 'Database<Database, Statement>'.
  Type 'DatabaseManager' is missing the following properties from type 'Database<Database, Statement>': config, db, on, getDatabaseInstance, and 9 more.
src/core/repositories.ts(640,5): error TS2322: Type 'LeadRecord[][]' is not assignable to type 'LeadRecord[]'.
  Type 'LeadRecord[]' is missing the following properties from type 'LeadRecord': id, account_name, first_name, last_name, and 17 more.
src/core/repositories.ts(683,9): error TS2322: Type 'CompanyTargetRecord[][]' is not assignable to type 'CompanyTargetRecord[]'.
  Type 'CompanyTargetRecord[]' is missing the following properties from type 'CompanyTargetRecord': id, list_name, account_name, website, and 7 more.
src/core/repositories.ts(695,5): error TS2322: Type 'CompanyTargetRecord[][]' is not assignable to type 'CompanyTargetRecord[]'.
  Type 'CompanyTargetRecord[]' is missing the following properties from type 'CompanyTargetRecord': id, list_name, account_name, website, and 7 more.
src/core/repositories.ts(709,5): error TS2322: Type 'CompanyTargetRecord[][]' is not assignable to type 'CompanyTargetRecord[]'.
  Type 'CompanyTargetRecord[]' is missing the following properties from type 'CompanyTargetRecord': id, list_name, account_name, website, and 7 more.
src/core/repositories.ts(760,42): error TS2339: Property 'id' does not exist on type '{ id: number; }[]'.
src/core/repositories.ts(832,5): error TS2322: Type '{ status: LeadStatus; length: number; toString(): string; toLocaleString(): string; toLocaleString(locales: string | string[], options?: (NumberFormatOptions & DateTimeFormatOptions) | undefined): string; ... 31 more ...; [Symbol.unscopables]: { ...; }; }[]' is not assignable to type 'LeadRecord[]'.
  Type '{ status: LeadStatus; length: number; toString(): string; toLocaleString(): string; toLocaleString(locales: string | string[], options?: (NumberFormatOptions & DateTimeFormatOptions) | undefined): string; ... 31 more ...; [Symbol.unscopables]: { ...; }; }' is missing the following properties from type 'LeadRecord': id, account_name, first_name, last_name, and 16 more.
src/core/repositories.ts(832,79): error TS2339: Property 'status' does not exist on type 'LeadRecord[]'.
src/core/repositories.ts(881,5): error TS2322: Type '{ status: LeadStatus; length: number; toString(): string; toLocaleString(): string; toLocaleString(locales: string | string[], options?: (NumberFormatOptions & DateTimeFormatOptions) | undefined): string; ... 31 more ...; [Symbol.unscopables]: { ...; }; }[]' is not assignable to type 'LeadRecord[]'.
  Type '{ status: LeadStatus; length: number; toString(): string; toLocaleString(): string; toLocaleString(locales: string | string[], options?: (NumberFormatOptions & DateTimeFormatOptions) | undefined): string; ... 31 more ...; [Symbol.unscopables]: { ...; }; }' is missing the following properties from type 'LeadRecord': id, account_name, first_name, last_name, and 16 more.
src/core/repositories.ts(881,79): error TS2339: Property 'status' does not exist on type 'LeadRecord[]'.
src/core/repositories.ts(906,5): error TS2322: Type '{ status: LeadStatus; length: number; toString(): string; toLocaleString(): string; toLocaleString(locales: string | string[], options?: (NumberFormatOptions & DateTimeFormatOptions) | undefined): string; ... 31 more ...; [Symbol.unscopables]: { ...; }; }[]' is not assignable to type 'LeadRecord[]'.
  Type '{ status: LeadStatus; length: number; toString(): string; toLocaleString(): string; toLocaleString(locales: string | string[], options?: (NumberFormatOptions & DateTimeFormatOptions) | undefined): string; ... 31 more ...; [Symbol.unscopables]: { ...; }; }' is missing the following properties from type 'LeadRecord': id, account_name, first_name, last_name, and 16 more.
src/core/repositories.ts(906,79): error TS2339: Property 'status' does not exist on type 'LeadRecord[]'.
src/core/repositories.ts(925,5): error TS2322: Type '{ status: LeadStatus; length: number; toString(): string; toLocaleString(): string; toLocaleString(locales: string | string[], options?: (NumberFormatOptions & DateTimeFormatOptions) | undefined): string; ... 31 more ...; [Symbol.unscopables]: { ...; }; }[]' is not assignable to type 'LeadRecord[]'.
  Type '{ status: LeadStatus; length: number; toString(): string; toLocaleString(): string; toLocaleString(locales: string | string[], options?: (NumberFormatOptions & DateTimeFormatOptions) | undefined): string; ... 31 more ...; [Symbol.unscopables]: { ...; }; }' is missing the following properties from type 'LeadRecord': id, account_name, first_name, last_name, and 16 more.
src/core/repositories.ts(925,79): error TS2339: Property 'status' does not exist on type 'LeadRecord[]'.
src/core/repositories.ts(960,5): error TS2322: Type 'ListLeadStatusCount[][]' is not assignable to type 'ListLeadStatusCount[]'.
  Type 'ListLeadStatusCount[]' is missing the following properties from type 'ListLeadStatusCount': list_name, status, total
src/core/repositories.ts(1131,28): error TS2345: Argument of type 'DatabaseManager' is not assignable to parameter of type 'Database<Database, Statement>'.
  Type 'DatabaseManager' is missing the following properties from type 'Database<Database, Statement>': config, db, on, getDatabaseInstance, and 9 more.
src/core/repositories.ts(1271,15): error TS2339: Property 'all' does not exist on type 'DatabaseManager'.
src/core/repositories.ts(1299,5): error TS2322: Type 'OutboxEventRecord[][]' is not assignable to type 'OutboxEventRecord[]'.
  Type 'OutboxEventRecord[]' is missing the following properties from type 'OutboxEventRecord': id, topic, payload_json, idempotency_key, and 5 more.
src/core/repositories.ts(1375,17): error TS2339: Property 'status' does not exist on type '{ status: JobStatus; total: number; }[]'.
src/core/repositories.ts(1376,13): error TS7053: Element implicitly has an 'any' type because expression of type 'any' can't be used to index type 'JobStatusCounts'.
src/core/repositories.ts(1376,24): error TS2339: Property 'status' does not exist on type '{ status: JobStatus; total: number; }[]'.
src/core/repositories.ts(1376,38): error TS2339: Property 'total' does not exist on type '{ status: JobStatus; total: number; }[]'.
src/core/repositories.ts(1399,28): error TS2345: Argument of type 'DatabaseManager' is not assignable to parameter of type 'Database<Database, Statement>'.
  Type 'DatabaseManager' is missing the following properties from type 'Database<Database, Statement>': config, db, on, getDatabaseInstance, and 9 more.
src/core/repositories.ts(1596,15): error TS2339: Property 'all' does not exist on type 'DatabaseManager'.
src/core/repositories.ts(1784,27): error TS2345: Argument of type 'DatabaseManager' is not assignable to parameter of type 'Database<Database, Statement>'.
  Type 'DatabaseManager' is missing the following properties from type 'Database<Database, Statement>': config, db, on, getDatabaseInstance, and 9 more.
src/core/repositories.ts(1813,27): error TS2345: Argument of type 'DatabaseManager' is not assignable to parameter of type 'Database<Database, Statement>'.
  Type 'DatabaseManager' is missing the following properties from type 'Database<Database, Statement>': config, db, on, getDatabaseInstance, and 9 more.
src/core/repositories.ts(1862,29): error TS2339: Property 'all' does not exist on type 'DatabaseManager'.
src/core/repositories.ts(1951,29): error TS2339: Property 'totalSent' does not exist on type '{ variant: string; totalSent: number; totalAccepted: number; totalReplied: number; }[]'.
src/core/repositories.ts(1952,33): error TS2339: Property 'totalAccepted' does not exist on type '{ variant: string; totalSent: number; totalAccepted: number; totalReplied: number; }[]'.
src/core/repositories.ts(1953,32): error TS2339: Property 'totalReplied' does not exist on type '{ variant: string; totalSent: number; totalAccepted: number; totalReplied: number; }[]'.
src/core/repositories.ts(1956,24): error TS2339: Property 'variant' does not exist on type '{ variant: string; totalSent: number; totalAccepted: number; totalReplied: number; }[]'.
